I'm sorry, but errors were detected in your script. Please correct the
errors listed below, and try again.


File "game/script.rpy", line 58: expected ':' not found.
    label first_contact
                       ^

Ren'Py Version: Ren'Py 8.0.3.22090809
Fri May  5 13:06:58 2023
